<html>
<body>
<pre>
<h1>µVision Build Log</h1>
<h2>Project:</h2>
D:\STM32F103C8T6\Appz\i2c\timer 2.uvproj
Project File Date:  02/04/2020

<h2>Output:</h2>
Build target 'timer 2'
compiling main.c...
linking...
Program Size: Code=6496 RO-data=268 RW-data=40 ZI-data=1632  
FromELF: creating hex file...
".\obj\timer 2.axf" - 0 Errors, 0 Warning(s).
Build target 'timer 2'
compiling main.c...
linking...
Program Size: Code=6512 RO-data=268 RW-data=40 ZI-data=1632  
FromELF: creating hex file...
".\obj\timer 2.axf" - 0 Errors, 0 Warning(s).
Build target 'timer 2'
compiling main.c...
linking...
Program Size: Code=6552 RO-data=268 RW-data=40 ZI-data=1632  
FromELF: creating hex file...
".\obj\timer 2.axf" - 0 Errors, 0 Warning(s).
Build target 'timer 2'
compiling main.c...
linking...
Program Size: Code=6568 RO-data=268 RW-data=40 ZI-data=1632  
FromELF: creating hex file...
".\obj\timer 2.axf" - 0 Errors, 0 Warning(s).
Build target 'timer 2'
compiling main.c...
linking...
Program Size: Code=6944 RO-data=268 RW-data=40 ZI-data=1632  
FromELF: creating hex file...
".\obj\timer 2.axf" - 0 Errors, 0 Warning(s).
Build target 'timer 2'
compiling main.c...
linking...
Program Size: Code=6960 RO-data=268 RW-data=40 ZI-data=1632  
FromELF: creating hex file...
".\obj\timer 2.axf" - 0 Errors, 0 Warning(s).
Load "D:\\STM32F103C8T6\\Appz\\i2c\\obj\\timer 2.axf" 
Internal DLL Error
Build target 'timer 2'
linking...
Program Size: Code=6960 RO-data=268 RW-data=40 ZI-data=1632  
FromELF: creating hex file...
".\obj\timer 2.axf" - 0 Errors, 0 Warning(s).
Load "D:\\STM32F103C8T6\\Appz\\i2c\\obj\\timer 2.axf" 
Erase Done.
Programming Done.
Verify OK.
Application running ...
Build target 'timer 2'
compiling main.c...
linking...
Program Size: Code=6960 RO-data=268 RW-data=40 ZI-data=1632  
FromELF: creating hex file...
".\obj\timer 2.axf" - 0 Errors, 0 Warning(s).
Load "D:\\STM32F103C8T6\\Appz\\i2c\\obj\\timer 2.axf" 
Erase Done.
Programming Done.
Verify OK.
Application running ...
Build target 'timer 2'
compiling main.c...
linking...
Program Size: Code=6968 RO-data=268 RW-data=40 ZI-data=1632  
FromELF: creating hex file...
".\obj\timer 2.axf" - 0 Errors, 0 Warning(s).
Load "D:\\STM32F103C8T6\\Appz\\i2c\\obj\\timer 2.axf" 
Erase Done.
Programming Done.
Verify OK.
Application running ...
Build target 'timer 2'
compiling main.c...
linking...
Program Size: Code=6972 RO-data=268 RW-data=40 ZI-data=1632  
FromELF: creating hex file...
".\obj\timer 2.axf" - 0 Errors, 0 Warning(s).
Load "D:\\STM32F103C8T6\\Appz\\i2c\\obj\\timer 2.axf" 
Erase Done.
Programming Done.
Verify OK.
Application running ...
Build target 'timer 2'
compiling main.c...
linking...
Program Size: Code=6968 RO-data=268 RW-data=40 ZI-data=1632  
FromELF: creating hex file...
".\obj\timer 2.axf" - 0 Errors, 0 Warning(s).
Build target 'timer 2'
compiling main.c...
linking...
Program Size: Code=6968 RO-data=268 RW-data=40 ZI-data=1632  
FromELF: creating hex file...
".\obj\timer 2.axf" - 0 Errors, 0 Warning(s).
Load "D:\\STM32F103C8T6\\Appz\\i2c\\obj\\timer 2.axf" 
Erase Done.
Programming Done.
Verify OK.
Application running ...
Build target 'timer 2'
compiling main.c...
linking...
Program Size: Code=6980 RO-data=268 RW-data=40 ZI-data=1632  
FromELF: creating hex file...
".\obj\timer 2.axf" - 0 Errors, 0 Warning(s).
Build target 'timer 2'
compiling main.c...
linking...
Program Size: Code=7096 RO-data=268 RW-data=40 ZI-data=1632  
FromELF: creating hex file...
".\obj\timer 2.axf" - 0 Errors, 0 Warning(s).
Build target 'timer 2'
compiling main.c...
linking...
Program Size: Code=7196 RO-data=268 RW-data=44 ZI-data=1636  
FromELF: creating hex file...
".\obj\timer 2.axf" - 0 Errors, 0 Warning(s).
Load "D:\\STM32F103C8T6\\Appz\\i2c\\obj\\timer 2.axf" 
Erase Done.
Programming Done.
Verify OK.
Application running ...
Build target 'timer 2'
compiling main.c...
linking...
Program Size: Code=7200 RO-data=268 RW-data=44 ZI-data=1636  
FromELF: creating hex file...
".\obj\timer 2.axf" - 0 Errors, 0 Warning(s).
Load "D:\\STM32F103C8T6\\Appz\\i2c\\obj\\timer 2.axf" 
Erase Done.
Programming Done.
Verify OK.
Application running ...
Build target 'timer 2'
compiling main.c...
linking...
Program Size: Code=7256 RO-data=268 RW-data=48 ZI-data=1632  
FromELF: creating hex file...
".\obj\timer 2.axf" - 0 Errors, 0 Warning(s).
Load "D:\\STM32F103C8T6\\Appz\\i2c\\obj\\timer 2.axf" 
Erase Done.
Programming Done.
Verify OK.
Application running ...
