<html>
<body>
<pre>
<h1>µVision Build Log</h1>
<h2>Project:</h2>
D:\STM32F103C8T6\Appz\systick\systick.uvproj
Project File Date:  02/05/2020

<h2>Output:</h2>
Build target 'systick'
compiling stm32f10x_it.c...
compiling system_stm32f10x.c...
compiling main.c...
assembling startup_stm32f10x_md.s...
compiling stm32f10x_rcc.c...
compiling stm32f10x_gpio.c...
linking...
Program Size: Code=2756 RO-data=268 RW-data=40 ZI-data=1632  
FromELF: creating hex file...
".\obj\systick.axf" - 0 Errors, 0 Warning(s).
Load "D:\\STM32F103C8T6\\Appz\\systick\\obj\\systick.axf" 
Erase Done.
Programming Done.
Verify OK.
Application running ...
Build target 'systick'
compiling main.c...
linking...
Program Size: Code=2812 RO-data=268 RW-data=40 ZI-data=1632  
FromELF: creating hex file...
".\obj\systick.axf" - 0 Errors, 0 Warning(s).
Load "D:\\STM32F103C8T6\\Appz\\systick\\obj\\systick.axf" 
Erase Done.
Programming Done.
Verify OK.
Application running ...
