<html>
<body>
<pre>
<h1>µVision Build Log</h1>
<h2>Project:</h2>
D:\STM32F103C8T6\Appz\uart\uart.uvproj
Project File Date:  02/07/2020

<h2>Output:</h2>
Build target 'uart'
compiling main.c...
linking...
.\obj\uart.axf: Error: L6218E: Undefined symbol USART_Cmd (referred from main.o).
.\obj\uart.axf: Error: L6218E: Undefined symbol USART_Init (referred from main.o).
".\obj\uart.axf" - 2 Errors, 0 Warning(s).
Target not created
Build target 'uart'
compiling stm32f10x_usart.c...
linking...
Program Size: Code=3932 RO-data=268 RW-data=40 ZI-data=1632  
FromELF: creating hex file...
".\obj\uart.axf" - 0 Errors, 0 Warning(s).
Build target 'uart'
compiling main.c...
compiling stm32f10x_usart.c...
linking...
Program Size: Code=3956 RO-data=268 RW-data=40 ZI-data=1632  
FromELF: creating hex file...
".\obj\uart.axf" - 0 Errors, 0 Warning(s).
Build target 'uart'
linking...
Program Size: Code=3956 RO-data=268 RW-data=40 ZI-data=1632  
FromELF: creating hex file...
".\obj\uart.axf" - 0 Errors, 0 Warning(s).
Load "D:\\STM32F103C8T6\\Appz\\uart\\obj\\uart.axf" 
Erase Done.
Programming Done.
Verify OK.
Application running ...
Build target 'uart'
compiling main.c...
linking...
Program Size: Code=3924 RO-data=268 RW-data=40 ZI-data=1632  
FromELF: creating hex file...
".\obj\uart.axf" - 0 Errors, 0 Warning(s).
Load "D:\\STM32F103C8T6\\Appz\\uart\\obj\\uart.axf" 
Erase Done.
Programming Done.
Verify OK.
Application running ...
