<html>
<body>
<pre>
<h1>µVision Build Log</h1>
<h2>Tool Versions:</h2>
IDE-Version: µVision V5.13.0.0
Copyright (C) 2014 ARM Ltd and ARM Germany GmbH. All rights reserved.
License Information: abc abc, bac, LIC=----
 
Tool Versions:
Toolchain:       MDK-Lite  Version: 5.13.0.0
Toolchain Path:  C:\Keil_v5\ARM\ARMCC\Bin
C Compiler:      Armcc.exe V5.05 update 1 (build 106)
Assembler:       Armasm.exe V5.05 update 1 (build 106)
Linker/Locator:  ArmLink.exe V5.05 update 1 (build 106)
Library Manager: ArmAr.exe V5.05 update 1 (build 106)
Hex Converter:   FromElf.exe V5.05 update 1 (build 106)
CPU DLL:         SARMCM3.DLL V5.13.0.0
Dialog DLL:      DARMSTM.DLL V1.65.0.0
Target DLL:      STLink\ST-LINKIII-KEIL_SWO.dll V3.0.5.0
Dialog DLL:      TARMSTM.DLL V1.64.0.0
 
<h2>Project:</h2>
D:\keilc v5_new\stm32f103c8xx\delay_systick\systick_interup_led\USER\systick_interupt.uvprojx
Project File Date:  04/02/2020

<h2>Output:</h2>
Build target 'system_interupt'
compiling stm32f10x_it.c...
compiling system_stm32f10x.c...
compiling main.c...
compiling sys.c...
compiling delay.c...
compiling usart.c...
compiling misc.c...
compiling stm32f10x_gpio.c...
compiling stm32f10x_rcc.c...
compiling stm32f10x_exti.c...
compiling stm32f10x_usart.c...
compiling core_cm3.c...
assembling startup_stm32f10x_hd.s...
compiling LED.c...
..\HARDWARE\LED\LED.c(7): warning:  #177-D: variable "GPIO_InitStructure" was declared but never referenced
   GPIO_InitTypeDef  GPIO_InitStructure;                
..\HARDWARE\LED\LED.c: 1 warning, 0 errors
compiling exti.c...
linking...
Program Size: Code=3804 RO-data=336 RW-data=116 ZI-data=1732  
".\Objects\systick_interupt.axf" - 0 Error(s), 1 Warning(s).

<h2>Collection of Component include folders:</h2>
  D:\keilc v5_new\stm32f103c8xx\delay_systick\systick_interup_led\USER\RTE
  C:\Keil_v5\ARM\PACK\Keil\STM32F1xx_DFP\2.0.0

<h2>Collection of Component Files used:</h2>
</pre>
</body>
</html>
