<html>
<body>
<pre>
<h1>µVision Build Log</h1>
<h2>Tool Versions:</h2>
IDE-Version: µVision V5.13.0.0
Copyright (C) 2014 ARM Ltd and ARM Germany GmbH. All rights reserved.
License Information: abc abc, bac, LIC=----
 
Tool Versions:
Toolchain:       MDK-Lite  Version: 5.13.0.0
Toolchain Path:  C:\Keil_v5\ARM\ARMCC\Bin
C Compiler:      Armcc.exe V5.05 update 1 (build 106)
Assembler:       Armasm.exe V5.05 update 1 (build 106)
Linker/Locator:  ArmLink.exe V5.05 update 1 (build 106)
Library Manager: ArmAr.exe V5.05 update 1 (build 106)
Hex Converter:   FromElf.exe V5.05 update 1 (build 106)
CPU DLL:         SARMCM3.DLL V5.13.0.0
Dialog DLL:      DARMSTM.DLL V1.65.0.0
Target DLL:      STLink\ST-LINKIII-KEIL_SWO.dll V2.0.14.0_KEIL
Dialog DLL:      TARMSTM.DLL V1.64.0.0
 
<h2>Project:</h2>
D:\keilc v5_new\stm32f103c8xx\dht11\DHT11-PC\USER\DHT11_UART.uvprojx
Project File Date:  03/26/2020

<h2>Output:</h2>
Build target 'DHT11'
compiling core_cm3.c...
assembling startup_stm32f10x_hd.s...
compiling LED.c...
compiling dht11.c...
..\HARDWARE\DHT11\dht11.c(33): warning:  #61-D: integer operation result is out of range
        DHT11_IO_IN();
..\HARDWARE\DHT11\dht11.c(33): warning:  #68-D: integer conversion resulted in a change of sign
        DHT11_IO_IN();
..\HARDWARE\DHT11\dht11.c: 2 warnings, 0 errors
compiling delay.c...
compiling sys.c...
compiling usart.c...
compiling misc.c...
compiling stm32f10x_gpio.c...
compiling stm32f10x_rcc.c...
compiling stm32f10x_usart.c...
compiling main.c...
main.c(61): warning:  #177-D: variable "buffer" was declared but never referenced
         char buffer[100];
main.c: 1 warning, 0 errors
compiling stm32f10x_it.c...
compiling system_stm32f10x.c...
linking...
Program Size: Code=4440 RO-data=2640 RW-data=96 ZI-data=1728  
FromELF: creating hex file...
".\Objects\TEMP.axf" - 0 Error(s), 3 Warning(s).

<h2>Collection of Component include folders:</h2>
  D:\keilc v5_new\stm32f103c8xx\dht11\DHT11-PC\USER\RTE
  C:\Keil_v5\ARM\PACK\Keil\STM32F1xx_DFP\2.0.0

<h2>Collection of Component Files used:</h2>
</pre>
</body>
</html>
