<html>
<body>
<pre>
<h1>µVision Build Log</h1>
<h2>Tool Versions:</h2>
IDE-Version: µVision V5.13.0.0
Copyright (C) 2014 ARM Ltd and ARM Germany GmbH. All rights reserved.
License Information: abc xyz, ghk, LIC=CRMWF-6U8TW-VJD6J-U4QY9-FK8DE-P8BH1
 
Tool Versions:
Toolchain:       MDK-ARM Professional  Version: 5.13.0.0
Toolchain Path:  C:\Keil_v5\ARM\ARMCC\Bin
C Compiler:      Armcc.exe V5.05 update 1 (build 106)
Assembler:       Armasm.exe V5.05 update 1 (build 106)
Linker/Locator:  ArmLink.exe V5.05 update 1 (build 106)
Library Manager: ArmAr.exe V5.05 update 1 (build 106)
Hex Converter:   FromElf.exe V5.05 update 1 (build 106)
CPU DLL:         SARMCM3.DLL V5.13.0.0
Dialog DLL:      DARMSTM.DLL V1.65.0.0
Target DLL:      STLink\ST-LINKIII-KEIL_SWO.dll V2.0.14.0_KEIL
Dialog DLL:      TARMSTM.DLL V1.64.0.0
 
<h2>Project:</h2>
D:\keilc v5_new\timer_base\pwm pb9 tim4 ch4\timer 2.uvproj
Project File Date:  02/04/2020

<h2>Output:</h2>
Build target 'timer 2'
compiling main.c...
linking...
Program Size: Code=6412 RO-data=268 RW-data=40 ZI-data=1632  
FromELF: creating hex file...
".\obj\timer 2.axf" - 0 Error(s), 0 Warning(s).
</pre>
</body>
</html>
